***** External Functions *****
1    AdminAskPath                                       iswi.obl(AdminAskPath.obs)
2    AllFeaturesDeselected                              iswi.obl(CompHelperFuncs.obs)
3    AskYesNo                                           isrt.obl(AskYesNo.obs)
4    CHECK_RETURN                                       iswi.obl(ErrHandler.obs)
5    CloseFile                                          isrt.obl(Files.obs)
6    CmdGetHwndDlg                                      isrt.obl(CustomDlg.obs)
7    ComponentCompareSizeRequired                       isrt.obl(component.obs)
8    ComponentErrorInfo                                 iswi.obl(ComponentConv.obs)
9    ComponentFilterLanguage                            iswi.obl(ComponentConv.obs)
10   ComponentFilterOS                                  iswi.obl(ComponentConv.obs)
11   ComponentGetData                                   iswi.obl(ComponentConv.obs)
12   ComponentGetTotalCost                              isrt.obl(component.obs)
13   ComponentIsItemSelected                            iswi.obl(ComponentConv.obs)
14   ComponentListItems                                 iswi.obl(ComponentConv.obs)
15   ComponentReinstall                                 iswi.obl(ComponentConv.obs)
16   ComponentRemoveAll                                 iswi.obl(ComponentConv.obs)
17   ComponentSaveTarget                                isrt.obl(component.obs)
18   ComponentSelectItem                                iswi.obl(ComponentConv.obs)
19   ComponentTransferData                              iswi.obl(ComponentConv.obs)
20   ComponentTreeInit                                  isrt.obl(Dialogs.obs)
21   CreateDir                                          isrt.obl(Files.obs)
22   CreateFile                                         isrt.obl(Files.obs)
23   CreateInstallationInfo                             iswi.obl(RegistryConv.obs)
24   CreateObject                                       isrt.obl(Misc.obs)
25   CtrlGetNotificationCode                            isrt.obl(CustomDlg.obs)
26   CtrlGetState                                       isrt.obl(CustomDlg.obs)
27   CtrlGetText                                        isrt.obl(CustomDlg.obs)
28   CtrlSelectText                                     isrt.obl(CustomDlg.obs)
29   CtrlSetList                                        isrt.obl(CustomDlg.obs)
30   CtrlSetState                                       isrt.obl(CustomDlg.obs)
31   CtrlSetText                                        isrt.obl(CustomDlg.obs)
32   DefineDialog                                       isrt.obl(CustomDlg.obs)
33   DeleteFile                                         isrt.obl(Files.obs)
34   DialogSetDefaultFont                               isrt.obl(Dialogs.obs)
35   DialogSetFont                                      isrt.obl(Dialogs.obs)
36   DialogSetInfo                                      isrt.obl(Dialogs.obs)
37   Disable                                            isrt.obl(Enable.obs)
38   DiskSizeToStr                                      isrt.obl(SDINT.obs)
39   Divide                                             isrt.obl(Misc.obs)
40   DllSizeOf                                          isrt.obl(Str.obs)
41   Do                                                 isrt.obl(Misc.obs)
42   Enable                                             isrt.obl(Enable.obs)
43   EndDialog                                          isrt.obl(CustomDlg.obs)
44   ExistsDir                                          isrt.obl(Files.obs)
45   EzDefineDialog                                     isrt.obl(CustomDlg.obs)
46   FeaturesInstalled                                  iswi.obl(FileTransferFuncsConv.obs)
47   FeaturesInstalling                                 iswi.obl(FileTransferFuncsConv.obs)
48   FindFile                                           isrt.obl(Files.obs)
49   FindWindow                                         isrt.obl(Misc.obs)
50   FixUpCmdLine                                       iswi.obl(HelperFuncs.obs)
51   FixUpCmdLinePostReboot                             iswi.obl(HelperFuncs.obs)
52   FormatMessage                                      isrt.obl(Misc.obs)
53   GDI32.CreateRectRgn                                iswi.obl(AdminAskPath.obs)
54   GDI32.GetDeviceCaps                                iswi.obl(AdminAskPath.obs)
55   GeneratedMSIScript                                 iswi.obl(FileTransferFuncsConv.obs)
56   GeneratingMSIScript                                iswi.obl(FileTransferFuncsConv.obs)
57   GetBillboard                                       isrt.obl(SysVars.obs)
58   GetCommonFiles                                     isrt.obl(SysVars.obs)
59   GetComponentsFeatures                              iswi.obl(CompHelperFuncs.obs)
60   GetDialogTitle                                     isrt.obl(Dialogs.obs)
61   GetDir                                             isrt.obl(Str.obs)
62   GetDisk                                            isrt.obl(Str.obs)
63   GetDiskSpace                                       isrt.obl(GSI.obs)
64   GetDiskSpaceEx                                     isrt.obl(GSI.obs)
65   GetExtents                                         isrt.obl(GSI.obs)
66   GetISRes                                           isrt.obl(SysVars.obs)
67   GetMSIFeatureName                                  iswi.obl(CompHelperFuncs.obs)
68   GetMaintenance                                     iswi.obl(ISWiInit.obs)
69   GetMsiFeaturePath                                  iswi.obl(CompHelperFuncs.obs)
70   GetMsiNameFromAliasTable                           iswi.obl(CompHelperFuncs.obs)
71   GetOpenFileMode                                    isrt.obl(Files.obs)
72   GetProductGUID                                     iswi.obl(ISWiInit.obs)
73   GetProfString                                      isrt.obl(Profile.obs)
74   GetSelectedLanguage                                isrt.obl(SysVars.obs)
75   GetSelectedTreeComponent                           isrt.obl(CmptView.obs)
76   GetSupportDir                                      isrt.obl(SysVars.obs)
77   GetSystemInfo                                      isrt.obl(GSI.obs)
78   GetUpdateStatus                                    iswi.obl(HelperFuncs.obs)
79   GetUpdateStatusReboot                              iswi.obl(HelperFuncs.obs)
80   GetValidDrivesList                                 isrt.obl(GSI.obs)
81   GetWinDir                                          isrt.obl(SysVars.obs)
82   GetWinSysDir                                       isrt.obl(SysVars.obs)
83   GetWindowHandle                                    iswi.obl(MiscConv.obs)
84   HIWORD                                             isrt.obl(Misc.obs)
85   HexStrToNum                                        isrt.obl(Str.obs)
86   ISDeterminePlatform                                isrt.obl(OsInfo.obs)
87   ISMIF32.InstallStatusMIF                           isrt.obl(MIF.obs)
88   ISRT.ComponentViewSetInfoEx                        isrt.obl(Dialogs.obs)
89   ISRT.EnableHourGlass                               isrt.obl(Enable.obs)
90   ISRT.GetCPUType                                    isrt.obl(GSI.obs)
91   ISRT.GetFontSub                                    isrt.obl(Dialogs.obs)
92   ISRT.GetHandle                                     setup.obs
93   ISRT.GetPorts                                      isrt.obl(GSI.obs)
94   ISRT.IsEmpty                                       setup.obs
95   ISRT.IsNTAdmin                                     isrt.obl(Is.obs)
96   ISRT.IsObject                                      setup.obs
97   ISRT.LangLoadString                                isrt.obl(SDINT.obs)
98   ISRT.LnchAppAndWait                                isrt.obl(Extend.obs)
99   ISRT.MessageBeepP                                  setup.obs
100  ISRT.PathCompactPathPixel                          isrt.obl(CustomDlg.obs)
101  ISRT.PathGetDir                                    isrt.obl(Str.obs)
102  ISRT.PathGetDrive                                  isrt.obl(Str.obs)
103  ISRT.PathGetFile                                   isrt.obl(Str.obs)
104  ISRT.PathGetFileExt                                isrt.obl(Str.obs)
105  ISRT.PathGetFileName                               isrt.obl(Str.obs)
106  ISRT.PathGetLongFromShort                          isrt.obl(Str.obs)
107  ISRT.PathGetPath                                   isrt.obl(Str.obs)
108  ISRT.PathGetSpecialFolder                          isrt.obl(SysVars.obs)
109  ISRT.PathIsValidSyntax                             isrt.obl(Is.obs)
110  ISRT._BrowseForFolder                              isrt.obl(SelectDir.obs)
111  ISRT._CloseFile                                    isrt.obl(Files.obs)
112  ISRT._CmdGetHwndDlg                                isrt.obl(CustomDlg.obs)
113  ISRT._ComponentCompareSizeRequired                 isrt.obl(component.obs)
114  ISRT._ComponentGetTotalCost                        isrt.obl(component.obs)
115  ISRT._ComponentSaveTarget                          isrt.obl(component.obs)
116  ISRT._CreateDir                                    isrt.obl(Files.obs)
117  ISRT._CreateObject                                 isrt.obl(Misc.obs)
118  ISRT._CtrlGetNotificationCode                      isrt.obl(CustomDlg.obs)
119  ISRT._DefineDialog                                 isrt.obl(CustomDlg.obs)
120  ISRT._DialogSetFont                                isrt.obl(Dialogs.obs)
121  ISRT._DisableStatus                                isrt.obl(Enable.obs)
122  ISRT._Divide                                       isrt.obl(Misc.obs)
123  ISRT._DoSprintf                                    iswi.obl(HelperFuncs.obs)
124  ISRT._EnableDialogCache                            isrt.obl(Enable.obs)
125  ISRT._EnablePrevDialog                             iswi.obl(AdminAskPath.obs)
126  ISRT._EnableStatus                                 isrt.obl(Enable.obs)
127  ISRT._EndDialog                                    isrt.obl(CustomDlg.obs)
128  ISRT._ExistsDir                                    isrt.obl(Files.obs)
129  ISRT._ExistsFile                                   isrt.obl(Files.obs)
130  ISRT._GetDiskSpaceEx                               isrt.obl(GSI.obs)
131  ISRT._GetGlobalMemorySize                          isrt.obl(GSI.obs)
132  ISRT._GetSelectedTreeComponent                     isrt.obl(CmptView.obs)
133  ISRT._GetSupportDir                                isrt.obl(SysVars.obs)
134  ISRT._ListAddItem                                  isrt.obl(scrlist.obs)
135  ISRT._ListAddString                                isrt.obl(scrlist.obs)
136  ISRT._ListCount                                    isrt.obl(scrlist.obs)
137  ISRT._ListCreate                                   isrt.obl(scrlist.obs)
138  ISRT._ListCurrentString                            isrt.obl(scrlist.obs)
139  ISRT._ListDestroy                                  isrt.obl(scrlist.obs)
140  ISRT._ListFindString                               isrt.obl(scrlist.obs)
141  ISRT._ListGetFirstItem                             isrt.obl(scrlist.obs)
142  ISRT._ListGetFirstString                           isrt.obl(scrlist.obs)
143  ISRT._ListGetNextItem                              isrt.obl(scrlist.obs)
144  ISRT._ListGetNextString                            isrt.obl(scrlist.obs)
145  ISRT._ListGetType                                  isrt.obl(scrlist.obs)
146  ISRT._ListSetIndex                                 isrt.obl(scrlist.obs)
147  ISRT._OpenFile                                     isrt.obl(Files.obs)
148  ISRT._RegCreateKey                                 iswi.obl(RegistryConv.obs)
149  ISRT._RegExistsKey                                 iswi.obl(RegistryConv.obs)
150  ISRT._RegQueryKeyBinaryValue                       iswi.obl(RegistryConv.obs)
151  ISRT._RegQueryKeyValue                             iswi.obl(RegistryConv.obs)
152  ISRT._RegSetKeyBinaryValue                         iswi.obl(RegistryConv.obs)
153  ISRT._RegSetKeyValue                               iswi.obl(RegistryConv.obs)
154  ISRT._ReleaseDialog                                isrt.obl(CustomDlg.obs)
155  ISRT._SetAltMainImage                              isrt.obl(Dialogs.obs)
156  ISRT._SetDisplayEffect                             isrt.obl(ui.obs)
157  ISRT._TreeViewCreate                               isrt.obl(CmptView.obs)
158  ISRT._WaitOnDialog                                 isrt.obl(CustomDlg.obs)
159  ISRT._WriteLine                                    isrt.obl(Files.obs)
160  ISRT.__CreateObjectContext                         isrt.obl(ISRTInit.obs)
161  ISRT.__GetCmdLineOptions                           isrt.obl(ISRTInit.obs)
162  ISRT.__GetContextGUID                              isrt.obl(ISRTInit.obs)
163  ISRT.__GetFileRegistrar                            isrt.obl(ISRTInit.obs)
164  ISRT.__GetInfo                                     isrt.obl(ISRTInit.obs)
165  ISRT.__GetLogDB                                    isrt.obl(ISRTInit.obs)
166  ISRT.__GetMainWindow                               setup.obs
167  ISRT.__GetMaintenanceMode                          isrt.obl(SysVars.obs)
168  ISRT.__GetObjects                                  isrt.obl(ISRTInit.obs)
169  ISRT.__GetProductGuid                              isrt.obl(SysVars.obs)
170  ISRT.__GetProgress                                 setup.obs
171  ISRT.__GetReboot                                   isrt.obl(ISRTInit.obs)
172  ISRT.__GetTextSub                                  isrt.obl(ISRTInit.obs)
173  ISRT.__ReleaseObjectContext                        isrt.obl(ISRTInit.obs)
174  ISRT.__RestoreMainLog                              isrt.obl(ISRTInit.obs)
175  ISRT.__SetComponentLog                             isrt.obl(ISRTInit.obs)
176  ISWIOnAppSearch                                    iswi.obl(DriverConv.obs)
177  ISWIOnCCPSearch                                    iswi.obl(DriverConv.obs)
178  ISWIOnExitInstall                                  iswi.obl(DriverConv.obs)
179  ISWIOnFirstUIAfter                                 iswi.obl(DriverConv.obs)
180  ISWIOnFirstUIBefore                                iswi.obl(DriverConv.obs)
181  ISWIOnInitInstall                                  iswi.obl(DriverConv.obs)
182  ISWIOnMaintUIAfter                                 iswi.obl(DriverConv.obs)
183  ISWIOnMaintUIBefore                                iswi.obl(DriverConv.obs)
184  ISWIOnMoveData                                     iswi.obl(DriverConv.obs)
185  ISWIOnResumeUIAfter                                iswi.obl(DriverConv.obs)
186  ISWIOnResumeUIBefore                               iswi.obl(DriverConv.obs)
187  ISWIPCRestoreAfter                                 iswi.obl(DriverConv.obs)
188  ISWIPCRestoreBefore                                iswi.obl(DriverConv.obs)
189  InstallFilesActionAfter                            iswi.obl(FileTransferFuncsConv.obs)
190  InstallFilesActionBefore                           iswi.obl(FileTransferFuncsConv.obs)
191  Is                                                 isrt.obl(Is.obs)
192  IsOSWinXP                                          iswi.obl(HelperFuncs.obs)
193  IsTestSetup                                        iswi.obl(HelperFuncs.obs)
194  KERNEL.GetModuleHandle                             setup.obs
195  KERNEL32.CloseHandle                               iswi.obl(AdminAskPath.obs)
196  KERNEL32.CreateFileA                               iswi.obl(AdminAskPath.obs)
197  KERNEL32.DeleteFileA                               iswi.obl(AdminAskPath.obs)
198  KERNEL32.FindClose                                 iswi.obl(AdminAskPath.obs)
199  KERNEL32.FindFirstFileA                            iswi.obl(AdminAskPath.obs)
200  KERNEL32.FindNextFileA                             iswi.obl(AdminAskPath.obs)
201  KERNEL32.FormatMessageA                            iswi.obl(AdminAskPath.obs)
202  KERNEL32.GetDriveType                              iswi.obl(AdminAskPath.obs)
203  KERNEL32.GetFileAttributesA                        iswi.obl(AdminAskPath.obs)
204  KERNEL32.GetLocalTime                              iswi.obl(AdminAskPath.obs)
205  KERNEL32.GetLocaleInfo                             iswi.obl(AdminAskPath.obs)
206  KERNEL32.GetPrivateProfileString                   iswi.obl(AdminAskPath.obs)
207  KERNEL32.GetPrivateProfileStringA                  iswi.obl(AdminAskPath.obs)
208  KERNEL32.GetProfileStringA                         iswi.obl(AdminAskPath.obs)
209  KERNEL32.GetShortPathNameA                         iswi.obl(AdminAskPath.obs)
210  KERNEL32.GetSystemDefaultLCID                      iswi.obl(AdminAskPath.obs)
211  KERNEL32.GetUserDefaultLangID                      iswi.obl(AdminAskPath.obs)
212  KERNEL32.GetVersion                                iswi.obl(AdminAskPath.obs)
213  KERNEL32.GetVersionEx                              iswi.obl(AdminAskPath.obs)
214  KERNEL32.GetVolumeInformation                      iswi.obl(AdminAskPath.obs)
215  KERNEL32.GetWindowsDirectory                       iswi.obl(AdminAskPath.obs)
216  KERNEL32.SetFileAttributesA                        iswi.obl(AdminAskPath.obs)
217  KERNEL32.WritePrivateProfileString                 iswi.obl(AdminAskPath.obs)
218  KERNEL32.lstrlen                                   iswi.obl(AdminAskPath.obs)
219  Kernel32.GetModuleHandleA                          iswi.obl(ComponentConv.obs)
220  LOWORD                                             isrt.obl(Misc.obs)
221  LaunchAgent                                        iswi.obl(HelperFuncs.obs)
222  LaunchApp                                          isrt.obl(Extend.obs)
223  LaunchAppAndWait                                   isrt.obl(Extend.obs)
224  ListAddItem                                        isrt.obl(scrlist.obs)
225  ListAddString                                      isrt.obl(scrlist.obs)
226  ListCount                                          isrt.obl(scrlist.obs)
227  ListCreate                                         isrt.obl(scrlist.obs)
228  ListCurrentString                                  isrt.obl(scrlist.obs)
229  ListDestroy                                        isrt.obl(scrlist.obs)
230  ListFindString                                     isrt.obl(scrlist.obs)
231  ListGetFirstItem                                   isrt.obl(scrlist.obs)
232  ListGetFirstString                                 isrt.obl(scrlist.obs)
233  ListGetLastString                                  iswi.obl(CompHelperFuncs.obs)
234  ListGetNextItem                                    isrt.obl(scrlist.obs)
235  ListGetNextString                                  isrt.obl(scrlist.obs)
236  ListGetType                                        isrt.obl(scrlist.obs)
237  ListSetIndex                                       isrt.obl(scrlist.obs)
238  LongPathFromShortPath                              isrt.obl(Str.obs)
239  LongPathToQuote                                    isrt.obl(Str.obs)
240  LongPathToShortPath                                isrt.obl(Str.obs)
241  MAKELONG                                           isrt.obl(Misc.obs)
242  MIFCreateMIFFile                                   isrt.obl(MIF.obs)
243  MIFDeleteMIFFile                                   isrt.obl(MIF.obs)
244  MIFInitialize                                      isrt.obl(MIF.obs)
245  MIFSetInformation                                  isrt.obl(MIF.obs)
246  MIFUnInitialize                                    isrt.obl(MIF.obs)
247  MIFWasSetInformationCalled                         isrt.obl(MIF.obs)
248  MessageBeep                                        isrt.obl(Misc.obs)
249  MessageBox                                         isrt.obl(MsgBox.obs)
250  Moved                                              iswi.obl(FileTransferFuncsConv.obs)
251  Moving                                             iswi.obl(FileTransferFuncsConv.obs)
252  MsiCloseHandle                                     iswi.obl(MsiFuncsConv.obs)
253  MsiCreateRecord                                    iswi.obl(MsiFuncsConv.obs)
254  MsiDatabaseOpenView                                iswi.obl(MsiFuncsConv.obs)
255  MsiDoAction                                        iswi.obl(MsiFuncsConv.obs)
256  MsiGetActiveDatabase                               iswi.obl(MsiFuncsConv.obs)
257  MsiGetFeatureState                                 iswi.obl(MsiFuncsConv.obs)
258  MsiGetProperty                                     iswi.obl(MsiFuncsConv.obs)
259  MsiGetPropertyIS                                   iswi.obl(MsiFuncsConv.obs)
260  MsiGetSourcePath                                   iswi.obl(MsiFuncsConv.obs)
261  MsiGetTargetPath                                   iswi.obl(MsiFuncsConv.obs)
262  MsiInstallProduct                                  iswi.obl(MsiFuncsConv.obs)
263  MsiProcessMessage                                  iswi.obl(MsiFuncsConv.obs)
264  MsiRecordGetInteger                                iswi.obl(MsiFuncsConv.obs)
265  MsiRecordGetString                                 iswi.obl(MsiFuncsConv.obs)
266  MsiRecordSetString                                 iswi.obl(MsiFuncsConv.obs)
267  MsiSetProperty                                     iswi.obl(MsiFuncsConv.obs)
268  MsiSetTargetPath                                   iswi.obl(MsiFuncsConv.obs)
269  MsiViewExecute                                     iswi.obl(MsiFuncsConv.obs)
270  MsiViewFetch                                       iswi.obl(MsiFuncsConv.obs)
271  OnAbort                                            iswi.obl(DriverConv.obs)
272  OnAction                                           iswi.obl(ISWiInit.obs)
273  OnAdminInstallUIAfter                              iswi.obl(DriverConv.obs)
274  OnAdminInstallUIBefore                             iswi.obl(DriverConv.obs)
275  OnAdminPatchUIAfter                                iswi.obl(DriverConv.obs)
276  OnAdminPatchUIBefore                               iswi.obl(DriverConv.obs)
277  OnAdvertisementAfter                               iswi.obl(DriverConv.obs)
278  OnAdvertisementBefore                              iswi.obl(DriverConv.obs)
279  OnAppSearch                                        iswi.obl(DriverConv.obs)
280  OnBegin                                            iswi.obl(DriverConv.obs)
281  OnCCPSearch                                        iswi.obl(DriverConv.obs)
282  OnCanceling                                        iswi.obl(DriverConv.obs)
283  OnComponentError                                   iswi.obl(Exceptions.obs)
284  OnEnd                                              iswi.obl(DriverConv.obs)
285  OnError                                            iswi.obl(DriverConv.obs)
286  OnException                                        iswi.obl(Exceptions.obs)
287  OnFeaturesInstalled                                iswi.obl(FileTransferFuncsConv.obs)
288  OnFeaturesInstalling                               iswi.obl(FileTransferFuncsConv.obs)
289  OnFilesInUse                                       iswi.obl(DriverConv.obs)
290  OnFirstUIAfter                                     setup.obs
291  OnFirstUIBefore                                    setup.obs
292  OnGeneratedMSIScript                               iswi.obl(FileTransferFuncsConv.obs)
293  OnGeneratingMSIScript                              iswi.obl(FileTransferFuncsConv.obs)
294  OnHelp                                             iswi.obl(DriverConv.obs)
295  OnInstallFilesActionAfter                          iswi.obl(FileTransferFuncsConv.obs)
296  OnInstallFilesActionBefore                         iswi.obl(FileTransferFuncsConv.obs)
297  OnMaintUIAfter                                     iswi.obl(DriverConv.obs)
298  OnMaintUIBefore                                    setup.obs
299  OnMaintenance                                      iswi.obl(DriverConv.obs)
300  OnMoved                                            iswi.obl(FileTransferFuncsConv.obs)
301  OnMoving                                           iswi.obl(FileTransferFuncsConv.obs)
302  OnMsiSilentInstall                                 iswi.obl(DriverConv.obs)
303  OnOutOfDiskSpace                                   iswi.obl(DriverConv.obs)
304  OnPatchUIAfter                                     iswi.obl(DriverConv.obs)
305  OnPatchUIBefore                                    iswi.obl(DriverConv.obs)
306  OnRebooted                                         iswi.obl(DriverConv.obs)
307  OnResolveSource                                    iswi.obl(DriverConv.obs)
308  OnResume                                           iswi.obl(DriverConv.obs)
309  OnResumeUIAfter                                    iswi.obl(DriverConv.obs)
310  OnResumeUIBefore                                   iswi.obl(DriverConv.obs)
311  OnSelfRegistrationError                            iswi.obl(Exceptions.obs)
312  OnUnhandledException                               iswi.obl(DriverConv.obs)
313  OnUninstall                                        iswi.obl(DriverConv.obs)
314  OnUpdateService                                    iswi.obl(DriverConv.obs)
315  OnWarning                                          iswi.obl(DriverConv.obs)
316  OpenFile                                           isrt.obl(Files.obs)
317  OpenFileMode                                       isrt.obl(Files.obs)
318  ParsePath                                          isrt.obl(Str.obs)
319  ProgDefGroupType                                   isrt.obl(Shell.obs)
320  ProgGetGroupType                                   isrt.obl(Shell.obs)
321  PthFixPath                                         isrt.obl(Pth.obs)
322  PthIsAbsPath                                       isrt.obl(Pth.obs)
323  RebootNeeded                                       iswi.obl(FileTransferFuncsConv.obs)
324  RedirectMsiCloseHandle                             iswi.obl(RedirectedMsiFuncsConv.obs)
325  RedirectMsiCreateRecord                            iswi.obl(RedirectedMsiFuncsConv.obs)
326  RedirectMsiGetActiveDatabase                       iswi.obl(RedirectedMsiFuncsConv.obs)
327  RedirectMsiProcessMessage                          iswi.obl(RedirectedMsiFuncsConv.obs)
328  RedirectMsiRecordGetInteger                        iswi.obl(RedirectedMsiFuncsConv.obs)
329  RedirectMsiViewExecute                             iswi.obl(RedirectedMsiFuncsConv.obs)
330  RedirectMsiViewFetch                               iswi.obl(RedirectedMsiFuncsConv.obs)
331  RegDBGetKeyValueEx                                 iswi.obl(RegistryConv.obs)
332  RegDBInit                                          iswi.obl(RegistryConv.obs)
333  RegDBKeyExist                                      iswi.obl(RegistryConv.obs)
334  RegDBQueryValue                                    iswi.obl(RegistryConv.obs)
335  RegDBSetDefaultRoot                                iswi.obl(RegistryConv.obs)
336  RegDBSetKeyValueEx                                 iswi.obl(RegistryConv.obs)
337  RegDBSetValue                                      iswi.obl(RegistryConv.obs)
338  ReleaseDialog                                      isrt.obl(CustomDlg.obs)
339  RemoveSpaces                                       iswi.obl(HelperFuncs.obs)
340  ResolveShellObjectsFolder                          iswi.obl(CompHelperFuncs.obs)
341  SdCloseDlg                                         isrt.obl(SDINT.obs)
342  SdComponentDlgCheckSpace                           isrt.obl(SDINT.obs)
343  SdComponentTree                                    isrt.obl(SDCOMTREE.obs)
344  SdDlgToTop                                         isrt.obl(SDINT.obs)
345  SdDoStdButton                                      isrt.obl(SDINT.obs)
346  SdEnablement                                       isrt.obl(SDINT.obs)
347  SdError                                            isrt.obl(SDINT.obs)
348  SdFeatureTree                                      iswi.obl(FeatureFuncsConv.obs)
349  SdFilesInUse                                       iswi.obl(SdFilesInUse.obs)
350  SdFinish                                           isrt.obl(SDFINISH.obs)
351  SdFinishEx                                         iswi.obl(SdFinishExConv.obs)
352  SdFinishReboot                                     isrt.obl(SDFINBOT.obs)
353  SdFinishUpdate                                     iswi.obl(SdFinishUpdate.obs)
354  SdFinishUpdateReboot                               iswi.obl(SdFinUpdateRebot.obs)
355  SdGeneralInit                                      isrt.obl(SDINT.obs)
356  SdInit                                             isrt.obl(SDINT.obs)
357  SdIsStdButton                                      isrt.obl(SDINT.obs)
358  SdLoadString                                       isrt.obl(SDINT.obs)
359  SdMakeName                                         isrt.obl(SDINT.obs)
360  SdOutOfDiskSpace                                   iswi.obl(SdDiskReqs.obs)
361  SdPatchWelcome                                     iswi.obl(SdPatchWel.obs)
362  SdPlugInProductName                                isrt.obl(SDINT.obs)
363  SdProductName                                      iswi.obl(SdprodctConv.obs)
364  SdSetDlgTitle                                      isrt.obl(SDINT.obs)
365  SdSetStatic                                        isrt.obl(SDINT.obs)
366  SdSetupCompleteError                               iswi.obl(SdSetupCompleteError.obs)
367  SdUnInit                                           isrt.obl(SDINT.obs)
368  SdWelcome                                          isrt.obl(SDWEL.obs)
369  SdWelcomeMaint                                     isrt.obl(SdWelcomeMaint.obs)
370  SelectDir                                          isrt.obl(SelectDir.obs)
371  SelectDirNoLog                                     isrt.obl(SelectDir.obs)
372  SendMessage                                        isrt.obl(Misc.obs)
373  SetCmdLine                                         isrt.obl(SysVars.obs)
374  SetDisplayEffect                                   isrt.obl(ui.obs)
375  SetFolderDesktop                                   isrt.obl(SysVars.obs)
376  SetFolderPrograms                                  isrt.obl(SysVars.obs)
377  SetFolderStartMenu                                 isrt.obl(SysVars.obs)
378  SetFolderStartup                                   isrt.obl(SysVars.obs)
379  SetGlobalVars                                      iswi.obl(ISWiInit.obs)
380  SetInstallationInfo                                iswi.obl(RegistryConv.obs)
381  SetMifInformationOnly                              iswi.obl(RegistryConv.obs)
382  SetUpdateStatus                                    iswi.obl(HelperFuncs.obs)
383  SetUpdateStatusReboot                              iswi.obl(HelperFuncs.obs)
384  SilentDoGeneralInfo                                isrt.obl(Silent.obs)
385  SilentFailed                                       isrt.obl(Silent.obs)
386  SilentFinish                                       isrt.obl(Silent.obs)
387  SilentGetMode                                      isrt.obl(Silent.obs)
388  SilentInit                                         isrt.obl(Silent.obs)
389  SilentReadData                                     isrt.obl(Silent.obs)
390  SilentSetInfo                                      isrt.obl(Silent.obs)
391  SilentSetMode                                      isrt.obl(Silent.obs)
392  SilentWriteData                                    isrt.obl(Silent.obs)
393  Sprintf                                            isrt.obl(Str.obs)
394  SprintfBox                                         isrt.obl(MsgBox.obs)
395  SprintfMsiLog                                      iswi.obl(HelperFuncs.obs)
396  StrDelete                                          iswi.obl(HelperFuncs.obs)
397  StrGetTokens                                       isrt.obl(Str.obs)
398  StrLength                                          isrt.obl(Str.obs)
399  StrRemoveLastSlash                                 isrt.obl(Str.obs)
400  StrRemoveSpaces                                    isrt.obl(Str.obs)
401  StrToUpper                                         isrt.obl(Str.obs)
402  SysVarsInit                                        isrt.obl(SysVars.obs)
403  SysVarsInitConv                                    iswi.obl(SysVarsConv.obs)
404  SysVarsUnInit                                      iswi.obl(SysVarsConv.obs)
405  System                                             isrt.obl(Misc.obs)
406  TreeViewCreate                                     isrt.obl(CmptView.obs)
407  USER.EnableWindow                                  setup.obs
408  USER.GetClassName                                  setup.obs
409  USER.GetDC                                         setup.obs
410  USER.GetDlgItem                                    setup.obs
411  USER.GetFocus                                      setup.obs
412  USER.GetWindowLong                                 setup.obs
413  USER.IsIconic                                      setup.obs
414  USER.IsWindow                                      setup.obs
415  USER.IsWindowVisible                               iswi.obl(AdminAskPath.obs)
416  USER.ReleaseDC                                     setup.obs
417  USER.SendMessageA                                  iswi.obl(AdminAskPath.obs)
418  USER.SetFocus                                      setup.obs
419  USER.SetForegroundWindow                           iswi.obl(AdminAskPath.obs)
420  USER.SetWindowPos                                  setup.obs
421  USER.SetWindowText                                 setup.obs
422  USER.ShowWindow                                    setup.obs
423  USER32.CharUpperBuffA                              iswi.obl(AdminAskPath.obs)
424  USER32.FindWindowA                                 iswi.obl(AdminAskPath.obs)
425  USER32.GetDlgItem                                  iswi.obl(SdDiskReqs.obs)
426  USER32.GetSystemMetrics                            iswi.obl(AdminAskPath.obs)
427  USER32.GetWindowRect                               iswi.obl(SdDiskReqs.obs)
428  USER32.GetWindowText                               iswi.obl(AdminAskPath.obs)
429  USER32.GetWindowTextLength                         iswi.obl(AdminAskPath.obs)
430  USER32.MessageBoxA                                 iswi.obl(AdminAskPath.obs)
431  USER32.SendMessageA                                iswi.obl(AdminAskPath.obs)
432  USER32.SetWindowLong                               iswi.obl(AdminAskPath.obs)
433  USER32.SetWindowRgn                                iswi.obl(AdminAskPath.obs)
434  User32.DestroyWindow                               iswi.obl(SdDiskReqs.obs)
435  User32.LoadStringA                                 iswi.obl(ComponentConv.obs)
436  WaitOnDialog                                       isrt.obl(CustomDlg.obs)
437  WriteLine                                          isrt.obl(Files.obs)
438  _HandleException                                   isrt.obl(exceptions.obs)
439  __AddIntegerToArray                                iswi.obl(HelperFuncs.obs)
440  __AddStringToArray                                 iswi.obl(HelperFuncs.obs)
441  __ComponentListItemsEx                             iswi.obl(CompHelperFuncs.obs)
442  __ComponentListItemsExInstall                      iswi.obl(CompHelperFuncs.obs)
443  __ComponentListItemsExUnInstall                    iswi.obl(CompHelperFuncs.obs)
444  __ComponentMoveXferData                            iswi.obl(CompHelperFuncs.obs)
445  __DefaultExitHandler                               isrt.obl(handlers.obs)
446  __GetFinishMode                                    iswi.obl(ISWiInit.obs)
447  __GetMsiHandle                                     iswi.obl(SysVarsConv.obs)
448  __GetProgramFilesFolder                            iswi.obl(SysVarsConv.obs)
449  __GetSourceDir                                     iswi.obl(SysVarsConv.obs)
450  __HandleError                                      iswi.obl(ErrHandler.obs)
451  __ISRTDoExit                                       isrt.obl(Misc.obs)
452  __ISRTInit                                         isrt.obl(ISRTInit.obs)
453  __ISRTRestoreMainLog                               isrt.obl(ISRTInit.obs)
454  __ISRTSetComponentLog                              isrt.obl(ISRTInit.obs)
455  __ISRTUnInit                                       isrt.obl(ISRTInit.obs)
456  __ISWIInit                                         iswi.obl(ISWiInit.obs)
457  __ISWIMsiHandle                                    iswi.obl(ISWiInit.obs)
458  __ISWIUnInit                                       iswi.obl(ISWiInit.obs)
459  __IsArrayEmpty                                     iswi.obl(HelperFuncs.obs)
460  __LoadIScriptString                                iswi.obl(ISWiInit.obs)
461  __MsiGetFeatureState                               iswi.obl(MsiWrappersConv.obs)
462  __MsiOpenView                                      iswi.obl(CompHelperFuncs.obs)
463  __MsiRecordGetString                               iswi.obl(MsiWrappersConv.obs)
464  __OnAbort                                          iswi.obl(DriverConv.obs)
465  __OnAdminPatch                                     iswi.obl(DriverConv.obs)
466  __OnAdministrativeInstall                          iswi.obl(DriverConv.obs)
467  __OnAdvertisement                                  iswi.obl(DriverConv.obs)
468  __OnBegin                                          iswi.obl(DriverConv.obs)
469  __OnCanceling                                      iswi.obl(DriverConv.obs)
470  __OnEnd                                            iswi.obl(DriverConv.obs)
471  __OnError                                          iswi.obl(DriverConv.obs)
472  __OnMsiMaintenance                                 iswi.obl(DriverConv.obs)
473  __OnMsiRebooted                                    iswi.obl(DriverConv.obs)
474  __OnMsiSilentInstall                               iswi.obl(DriverConv.obs)
475  __OnMsiUninstall                                   iswi.obl(DriverConv.obs)
476  __OnPatch                                          iswi.obl(DriverConv.obs)
477  __OnResume                                         iswi.obl(DriverConv.obs)
478  __OnWarning                                        iswi.obl(DriverConv.obs)
479  __ResetMsiObject                                   iswi.obl(ISWiInit.obs)
480  __SetMaintenance                                   iswi.obl(ISWiInit.obs)
481  __SetMsiHandle                                     iswi.obl(SysVarsConv.obs)
482  __SetMsiServer                                     iswi.obl(ISWiInit.obs)
483  __SetPatch                                         iswi.obl(SysVarsConv.obs)
484  __SetSourceDir                                     iswi.obl(SysVarsConv.obs)
485  isrt.IsObject                                      iswi.obl(MsiFuncsConv.obs)
486  isrt._ComponentGetData                             iswi.obl(ComponentConv.obs)
487  isrt._ComponentIsItemSelected                      iswi.obl(ComponentConv.obs)
488  isrt._ComponentListItems                           iswi.obl(ComponentConv.obs)
489  isrt._ComponentReinstall                           iswi.obl(ComponentConv.obs)
490  isrt._ComponentRemoveAll                           iswi.obl(ComponentConv.obs)
491  isrt._ComponentSelectItem                          iswi.obl(ComponentConv.obs)
492  isrt._EnableDialogCache                            iswi.obl(ISWiInit.obs)
493  kernel32.GetLocalTime                              iswi.obl(ErrHandler.obs)
494  kernel32.GetWindowsDirectoryA                      iswi.obl(ErrHandler.obs)
495  msi.MsiCloseHandle                                 iswi.obl(RedirectedMsiFuncsConv.obs)
496  msi.MsiCreateRecord                                iswi.obl(RedirectedMsiFuncsConv.obs)
497  msi.MsiDatabaseOpenViewA                           setup.obs
498  msi.MsiDoActionA                                   setup.obs
499  msi.MsiGetActiveDatabase                           iswi.obl(RedirectedMsiFuncsConv.obs)
500  msi.MsiGetFeatureStateA                            setup.obs
501  msi.MsiGetProductInfoA                             setup.obs
502  msi.MsiGetPropertyA                                setup.obs
503  msi.MsiGetSourcePathA                              setup.obs
504  msi.MsiGetTargetPathA                              setup.obs
505  msi.MsiOpenDatabaseA                               setup.obs
506  msi.MsiProcessMessage                              iswi.obl(RedirectedMsiFuncsConv.obs)
507  msi.MsiRecordGetInteger                            iswi.obl(RedirectedMsiFuncsConv.obs)
508  msi.MsiRecordGetStringA                            setup.obs
509  msi.MsiRecordSetStringA                            setup.obs
510  msi.MsiSetPropertyA                                setup.obs
511  msi.MsiSetTargetPathA                              setup.obs
512  msi.MsiViewExecute                                 iswi.obl(RedirectedMsiFuncsConv.obs)
513  msi.MsiViewFetch                                   iswi.obl(RedirectedMsiFuncsConv.obs)
514  program                                            iswi.obl(DriverConv.obs)
515  sfc.SRSetRestorePoint                              setup.obs


***** External Variables *****
1    AdminToolsFolder                                   iswi.obl(DebugSymbolsConv.obs)
2    AppDataFolder                                      iswi.obl(DebugSymbolsConv.obs)
3    BATCH_INSTALL                                      setup.obs
4    CMDLINE                                            iswi.obl(DebugSymbolsConv.obs)
5    CMPTFILTERLANGOBJ                                  iswi.obl(CompHelperFuncs.obs)
6    COMMONFILES                                        iswi.obl(DebugSymbolsConv.obs)
7    CommonAppDataFolder                                iswi.obl(DebugSymbolsConv.obs)
8    CommonFiles64Folder                                iswi.obl(DebugSymbolsConv.obs)
9    CommonFilesFolder                                  iswi.obl(DebugSymbolsConv.obs)
10   DISK1TARGET                                        setup.obs
11   DesktopFolder                                      iswi.obl(DebugSymbolsConv.obs)
12   ERRORFILENAME                                      setup.obs
13   ERRORINFO                                          iswi.obl(ComponentConv.obs)
14   Err                                                setup.obs
15   FEATURE                                            iswi.obl(ComponentConv.obs)
16   FILEERROR                                          iswi.obl(ComponentConv.obs)
17   FILETIME                                           iswi.obl(AdminAskPath.obs)
18   FIND_DATA                                          iswi.obl(AdminAskPath.obs)
19   FOLDER_DESKTOP                                     iswi.obl(DebugSymbolsConv.obs)
20   FOLDER_PROGRAMS                                    iswi.obl(DebugSymbolsConv.obs)
21   FOLDER_STARTMENU                                   iswi.obl(DebugSymbolsConv.obs)
22   FOLDER_STARTUP                                     iswi.obl(DebugSymbolsConv.obs)
23   FavoritesFolder                                    iswi.obl(DebugSymbolsConv.obs)
24   FileRegistrar                                      setup.obs
25   FontsFolder                                        iswi.obl(DebugSymbolsConv.obs)
26   INSTALLDIR                                         setup.obs
27   ISMSI_HANDLE                                       iswi.obl(DebugSymbolsConv.obs)
28   ISRES                                              iswi.obl(DebugSymbolsConv.obs)
29   ISUSER                                             iswi.obl(DebugSymbolsConv.obs)
30   ISUTIL_FUNCTION_ERROR                              iswi.obl(CompHelperFuncs.obs)
31   ISUTIL_LINE_NUMBER                                 iswi.obl(CompHelperFuncs.obs)
32   ISUTIL_POSITIVE_ERROR                              iswi.obl(CompHelperFuncs.obs)
33   ISUTIL_SCRIPT_FILE                                 iswi.obl(CompHelperFuncs.obs)
34   ISVERSION                                          iswi.obl(DebugSymbolsConv.obs)
35   LAST_RESULT                                        setup.obs
36   LVITEM                                             iswi.obl(SdDiskReqs.obs)
37   LV_COLUMN                                          iswi.obl(SdDiskReqs.obs)
38   LocalAppDataFolder                                 iswi.obl(DebugSymbolsConv.obs)
39   LogDB                                              setup.obs
40   MAINTENANCE                                        iswi.obl(DebugSymbolsConv.obs)
41   MEDIA                                              setup.obs
42   MODE                                               iswi.obl(DebugSymbolsConv.obs)
43   MainWindow                                         setup.obs
44   MyPicturesFolder                                   iswi.obl(DebugSymbolsConv.obs)
45   NOTHING                                            setup.obs
46   NetHoodFolder                                      iswi.obl(DebugSymbolsConv.obs)
47   OSINFO_PLATFORM_INFO                               setup.obs
48   OSVERSIONINFO                                      iswi.obl(AdminAskPath.obs)
49   OSVERSIONINFOEX                                    iswi.obl(AdminAskPath.obs)
50   Objects                                            setup.obs
51   PATCH                                              iswi.obl(DebugSymbolsConv.obs)
52   PRODUCT_GUID                                       iswi.obl(DebugSymbolsConv.obs)
53   PROGRAMFILES                                       iswi.obl(DebugSymbolsConv.obs)
54   PersonalFolder                                     iswi.obl(DebugSymbolsConv.obs)
55   PrintHoodFolder                                    iswi.obl(DebugSymbolsConv.obs)
56   ProgramFiles64Folder                               iswi.obl(DebugSymbolsConv.obs)
57   ProgramFilesFolder                                 iswi.obl(DebugSymbolsConv.obs)
58   ProgramMenuFolder                                  iswi.obl(DebugSymbolsConv.obs)
59   RECT                                               iswi.obl(AdminAskPath.obs)
60   Reboot                                             setup.obs
61   RecentFolder                                       iswi.obl(DebugSymbolsConv.obs)
62   SELECTED_LANGUAGE                                  iswi.obl(DebugSymbolsConv.obs)
63   SHELL_OBJECT_FOLDER                                setup.obs
64   SRCDIR                                             setup.obs
65   SRCDISK                                            iswi.obl(DebugSymbolsConv.obs)
66   SUPPORTDIR                                         iswi.obl(DebugSymbolsConv.obs)
67   SYSTEMTIME                                         iswi.obl(AdminAskPath.obs)
68   SYSTEMTIME2                                        iswi.obl(ErrHandler.obs)
69   SendToFolder                                       iswi.obl(DebugSymbolsConv.obs)
70   SetupInfo                                          setup.obs
71   SourceDir                                          iswi.obl(DebugSymbolsConv.obs)
72   StartMenuFolder                                    iswi.obl(DebugSymbolsConv.obs)
73   StartupFolder                                      iswi.obl(DebugSymbolsConv.obs)
74   StatusDlg                                          setup.obs
75   System16Folder                                     iswi.obl(DebugSymbolsConv.obs)
76   System64Folder                                     iswi.obl(DebugSymbolsConv.obs)
77   SystemFolder                                       iswi.obl(DebugSymbolsConv.obs)
78   TARGETDIR                                          setup.obs
79   TARGETDISK                                         iswi.obl(DebugSymbolsConv.obs)
80   TempFolder                                         iswi.obl(DebugSymbolsConv.obs)
81   TemplateFolder                                     iswi.obl(DebugSymbolsConv.obs)
82   TextSub                                            setup.obs
83   UNINST                                             setup.obs
84   UNINSTALL_STRING                                   setup.obs
85   WINDIR                                             iswi.obl(DebugSymbolsConv.obs)
86   WINDISK                                            iswi.obl(DebugSymbolsConv.obs)
87   WINSYSDIR                                          iswi.obl(DebugSymbolsConv.obs)
88   WINSYSDISK                                         iswi.obl(DebugSymbolsConv.obs)
89   WindowsFolder                                      iswi.obl(DebugSymbolsConv.obs)
90   WindowsVolume                                      iswi.obl(DebugSymbolsConv.obs)
91   _INT64                                             setup.obs
92   _RESTOREINFO_                                      setup.obs
93   _RESTOREPTINFO                                     setup.obs
94   _SMGRSTATUS                                        setup.obs
95   _SMGSTATUS_                                        setup.obs
96   _WIN9X                                             setup.obs
97   _WINNT                                             setup.obs
98   __SYSTEMINFORMATION                                setup.obs
99   __gbAliasingOff                                    iswi.obl(CompHelperFuncs.obs)
100  __gbCheckForUpdate                                 iswi.obl(CompHelperFuncs.obs)
101  __gbCheckUpdateReboot                              iswi.obl(CompHelperFuncs.obs)
102  __gbGetTarget                                      iswi.obl(CompHelperFuncs.obs)
103  __gbInitialized                                    iswi.obl(CompHelperFuncs.obs)
104  __gbInstallInfo                                    setup.obs
105  __gbMaintenance                                    iswi.obl(CompHelperFuncs.obs)
106  __gbReopening                                      iswi.obl(CompHelperFuncs.obs)
107  __ghActiveDataBase                                 iswi.obl(CompHelperFuncs.obs)
108  __ghErrFileHandle                                  iswi.obl(CompHelperFuncs.obs)
109  __ghMsiInstall                                     iswi.obl(CompHelperFuncs.obs)
110  __gnButtonSelected                                 iswi.obl(CompHelperFuncs.obs)
111  __gnLastError                                      iswi.obl(CompHelperFuncs.obs)
112  __gnMsiReturn                                      iswi.obl(CompHelperFuncs.obs)
113  __gnOSMask                                         iswi.obl(CompHelperFuncs.obs)
114  __gnScriptMode                                     iswi.obl(CompHelperFuncs.obs)
115  __goISDriver                                       iswi.obl(CompHelperFuncs.obs)
116  __goLanguageFilter                                 iswi.obl(CompHelperFuncs.obs)
117  __goMsiServer                                      iswi.obl(CompHelperFuncs.obs)
118  __gsINSTALLDIR                                     iswi.obl(CompHelperFuncs.obs)
119  __gsProductGuid                                    iswi.obl(CompHelperFuncs.obs)
120  __gsSourceDir                                      iswi.obl(CompHelperFuncs.obs)
121  __hContext                                         iswi.obl(CompHelperFuncs.obs)
122  __objGlobalTextSub                                 setup.obs
123  __objStringTable                                   iswi.obl(ISWiInit.obs)
124  __szGUID                                           iswi.obl(RegistryConv.obs)
125  bBackButton                                        setup.obs
126  bCancelButton                                      setup.obs
127  bEnterDiskBeep                                     iswi.obl(AdminAskPath.obs)
128  bFinishButton                                      setup.obs
129  bIfxPCHInitialized                                 setup.obs
130  bIfxPCHOn                                          setup.obs
131  bInstall16                                         setup.obs
132  bNextButton                                        setup.obs
133  bSdInit                                            setup.obs
134  bViewCmptKunits                                    setup.obs
135  bViewCmptUseDecimal                                setup.obs
136  g_bSuppressMissingStringWarning                    iswi.obl(DriverConv.obs)
137  nIfxPCHType                                        setup.obs
138  szAppKey                                           setup.obs
139  szInstallDeinstKey                                 setup.obs
140  szSdProduct                                        setup.obs
141  szSdStr_NotEnoughSpace                             setup.obs
